\BOOKMARK [2][]{Outline0.1}{Research Question}{}% 1
\BOOKMARK [2][]{Outline0.2}{Literature Review}{}% 2
\BOOKMARK [2][]{Outline0.3}{Data}{}% 3
\BOOKMARK [2][]{Outline0.4}{Methodology}{}% 4
